========================================================================================================================
GraalVM Native Image: Generating 'libapple_purchase_receipt_verifier_java.so' (shared library)...
========================================================================================================================
For detailed information and explanations on the build output, visit:
https://github.com/oracle/graal/blob/master/docs/reference-manual/native-image/BuildOutput.md
------------------------------------------------------------------------------------------------------------------------
[1/8] Initializing...                                                                                   (8.7s @ 0.19GiB)
 Builder configuration:
 - Java version: 25.0.4.1.1+1-LTS, vendor version: Oracle GraalVM 25.4.4.1.1+1.1
 - Graal compiler: optimization level: 2, target machine: compatibility, PGO: ML-inferred
 - C compiler: gcc (linux, x86_64, 13.3.0)
 - Assertions: disabled, system assertions: disabled
 Image configuration:
 - Garbage collector: Serial GC (max heap size: 80% of RAM)
 - Assertions: disabled (class-specific config may apply), system assertions: disabled
------------------------------------------------------------------------------------------------------------------------
Build resources:
 - 11.36GiB of memory (85% of system memory because in container)
 - 4 thread(s) (100.0% of 4 available processor(s), determined at start)
[2/8] Performing analysis...  [*****]                                                                  (43.3s @ 0.95GiB)
    9,007 types,  14,196 fields, and  49,306 methods found reachable
      956 types,      84 fields, and   1,487 methods registered for reflection
       61 types,      62 fields, and      55 methods registered for JNI access
    1,107 resource accesses registered with 229.36KiB total size
        5 native libraries: dl, m, pthread, rt, z
[3/8] Building universe...                                                                              (4.4s @ 1.07GiB)
[4/8] Parsing methods...      [****]                                                                   (19.7s @ 1.19GiB)
[5/8] Inlining methods...     [***]                                                                     (1.5s @ 1.31GiB)
[6/8] Compiling methods...    [*********]                                                              (84.8s @ 2.02GiB)
[7/8] Laying out methods...   [***]                                                                     (7.6s @ 1.33GiB)
[8/8] Creating image...       [***]                                                                     (5.0s @ 1.48GiB)
  23.80MiB (53.93%) for code area:    28,030 compilation units
  17.38MiB (39.37%) for image heap:  237,032 objects and 12 resources
   2.96MiB ( 6.70%) for other data
  44.13MiB in total image size, 41.81MiB in total file size
------------------------------------------------------------------------------------------------------------------------
Top 10 origins of code area:                                Top 10 object types in image heap:
   2.90MiB o.g.n.runtime/com.oracle.svm.core.code              5.80MiB byte[] for code metadata
   1.40MiB org.bouncycastle.math.ec.custom.sec                 2.90MiB byte[] for string data
   1.01MiB java.base/java.util                                 1.60MiB java.base/java.lang.String
 568.89KiB java.base/com.sun.crypto.provider                   1.12MiB java.base/java.lang.Class
 475.69KiB java.base/sun.security.x509                       985.14KiB o.g.n.runtime/c.o.s.core.hub.DynamicHubCompanion
 467.17KiB java.base/java.lang                               910.43KiB byte[] for general heap data
 459.37KiB java.base/java.util.concurrent                    401.62KiB byte[] for reflection metadata
 418.54KiB com.fasterxml.jackson.databind.deser.std          378.75KiB java.base/java.util.HashMap$Node
 410.64KiB java.base/java.io                                 334.75KiB heap alignment
 370.76KiB org.bouncycastle.jcajce.provider.digest           275.96KiB java.base/java.lang.Object[]
  15.39MiB for 394 more packages                               2.74MiB for 1710 more object types
                            Use '--emit build-report' to create a report with more details.
------------------------------------------------------------------------------------------------------------------------
Security report:
 - Binary includes Java deserialization.
 - CycloneDX SBOM with 13 component(s) is embedded in binary (867B). 4 type(s) could not be associated to a component.
 - Advanced obfuscation not enabled; enable with '-H:AdvancedObfuscation=""' (experimental support).
------------------------------------------------------------------------------------------------------------------------
Recommendations:
 G1GC: Use the G1 GC ('--gc=G1') for improved latency and throughput.
 PGO:  Use Profile-Guided Optimizations ('--pgo') for improved throughput.
 FUTR: Use '--future-defaults=all' to prepare for future releases.
 HEAP: Set max heap for improved and more predictable memory usage.
 QBM:  Use the quick build mode ('-Ob') to speed up builds during development.
------------------------------------------------------------------------------------------------------------------------
                      17.6s (9.8% of total time) in 2087 GCs | Peak RSS: 3.23GiB | CPU load: 3.61
------------------------------------------------------------------------------------------------------------------------
Build artifacts:
 $SCRATCH/out/libapple_purchase_receipt_verifier_java/graal_isolate.h (c_header, 6.42KiB)
 $SCRATCH/out/libapple_purchase_receipt_verifier_java/graal_isolate_dynamic.h (c_header, 6.53KiB)
 $SCRATCH/out/libapple_purchase_receipt_verifier_java/libapple_purchase_receipt_verifier_java.h (c_header, 2.54KiB)
 $SCRATCH/out/libapple_purchase_receipt_verifier_java/libapple_purchase_receipt_verifier_java.so (shared_library, 41.81MiB)
 $SCRATCH/out/libapple_purchase_receipt_verifier_java/libapple_purchase_receipt_verifier_java_dynamic.h (c_header, 2.76KiB)
========================================================================================================================
Finished generating 'libapple_purchase_receipt_verifier_java' in 2m 58s.
