========================================================================================================================
GraalVM Native Image: Generating 'libapple_purchase_receipt_verifier_java.so' (shared library)...
========================================================================================================================
For detailed information and explanations on the build output, visit:
https://github.com/oracle/graal/blob/master/docs/reference-manual/native-image/BuildOutput.md
------------------------------------------------------------------------------------------------------------------------
[1/8] Initializing...                                                                                   (8.3s @ 0.22GiB)
 Builder configuration:
 - Java version: 25.0.4.1.1+1-LTS, vendor version: Oracle GraalVM 25.4.4.1.1+1.1
 - Graal compiler: optimization level: 2, target machine: compatibility, PGO: ML-inferred
 - C compiler: gcc (linux, x86_64, 13.3.0)
 - Assertions: disabled, system assertions: disabled
 Image configuration:
 - Garbage collector: Serial GC (max heap size: 80% of RAM)
 - Assertions: disabled (class-specific config may apply), system assertions: disabled
------------------------------------------------------------------------------------------------------------------------
Build resources:
 - 11.36GiB of memory (85% of system memory because in container)
 - 4 thread(s) (100.0% of 4 available processor(s), determined at start)
[2/8] Performing analysis...  [******]                                                                 (40.9s @ 0.96GiB)
    8,428 types,  13,395 fields, and  46,365 methods found reachable
      489 types,      84 fields, and   1,014 methods registered for reflection
       61 types,      62 fields, and      55 methods registered for JNI access
    1,084 resource accesses registered with 229.36KiB total size
        5 native libraries: dl, m, pthread, rt, z
[3/8] Building universe...                                                                              (4.4s @ 1.06GiB)
[4/8] Parsing methods...      [****]                                                                   (17.9s @ 1.12GiB)
[5/8] Inlining methods...     [***]                                                                     (1.6s @ 1.21GiB)
[6/8] Compiling methods...    [********]                                                               (76.6s @ 1.69GiB)
[7/8] Laying out methods...   [***]                                                                     (6.5s @ 1.97GiB)
[8/8] Creating image...       [***]                                                                     (5.6s @ 1.00GiB)
  21.22MiB (52.43%) for code area:    25,838 compilation units
  16.44MiB (40.62%) for image heap:  228,599 objects and 12 resources
   2.81MiB ( 6.94%) for other data
  40.46MiB in total image size, 38.31MiB in total file size
------------------------------------------------------------------------------------------------------------------------
Top 10 origins of code area:                                Top 10 object types in image heap:
   2.07MiB o.g.n.runtime/com.oracle.svm.core.code              5.29MiB byte[] for code metadata
   1.41MiB org.bouncycastle.math.ec.custom.sec                 2.79MiB byte[] for string data
   1.01MiB java.base/java.util                                 1.55MiB java.base/java.lang.String
 567.96KiB java.base/com.sun.crypto.provider                   1.03MiB java.base/java.lang.Class
 482.56KiB java.base/sun.security.x509                       921.81KiB o.g.n.runtime/c.o.s.core.hub.DynamicHubCompanion
 467.13KiB java.base/java.lang                               855.91KiB byte[] for general heap data
 459.15KiB java.base/java.util.concurrent                    503.22KiB heap alignment
 421.58KiB com.fasterxml.jackson.databind.deser.std          376.44KiB java.base/java.util.HashMap$Node
 410.86KiB java.base/java.io                                 320.77KiB byte[] for reflection metadata
 367.33KiB java.base/java.text                               265.88KiB java.base/java.lang.Object[]
  13.63MiB for 387 more packages                               2.61MiB for 1706 more object types
                            Use '--emit build-report' to create a report with more details.
------------------------------------------------------------------------------------------------------------------------
Security report:
 - Binary includes Java deserialization.
 - CycloneDX SBOM with 13 component(s) is embedded in binary (869B). 4 type(s) could not be associated to a component.
 - Advanced obfuscation not enabled; enable with '-H:AdvancedObfuscation=""' (experimental support).
------------------------------------------------------------------------------------------------------------------------
Recommendations:
 G1GC: Use the G1 GC ('--gc=G1') for improved latency and throughput.
 PGO:  Use Profile-Guided Optimizations ('--pgo') for improved throughput.
 FUTR: Use '--future-defaults=all' to prepare for future releases.
 HEAP: Set max heap for improved and more predictable memory usage.
 QBM:  Use the quick build mode ('-Ob') to speed up builds during development.
------------------------------------------------------------------------------------------------------------------------
                      17.0s (10.3% of total time) in 1811 GCs | Peak RSS: 3.17GiB | CPU load: 3.60
------------------------------------------------------------------------------------------------------------------------
Build artifacts:
 $SCRATCH/out/libapple_purchase_receipt_verifier_java/graal_isolate.h (c_header, 6.42KiB)
 $SCRATCH/out/libapple_purchase_receipt_verifier_java/graal_isolate_dynamic.h (c_header, 6.53KiB)
 $SCRATCH/out/libapple_purchase_receipt_verifier_java/libapple_purchase_receipt_verifier_java.h (c_header, 2.54KiB)
 $SCRATCH/out/libapple_purchase_receipt_verifier_java/libapple_purchase_receipt_verifier_java.so (shared_library, 38.31MiB)
 $SCRATCH/out/libapple_purchase_receipt_verifier_java/libapple_purchase_receipt_verifier_java_dynamic.h (c_header, 2.76KiB)
========================================================================================================================
Finished generating 'libapple_purchase_receipt_verifier_java' in 2m 44s.
