
  .   ____          _            __ _ _
 /\\ / ___'_ __ _ _(_)_ __  __ _ \ \ \ \
( ( )\___ | '_ | '_| | '_ \/ _` | \ \ \ \
 \\/  ___)| |_)| | | | | || (_| |  ) ) ) )
  '  |____| .__|_| |_|_| |_\__, | / / / /
 =========|_|==============|___/=/_/_/_/

 :: Spring Boot ::               (v3.5.16)

2026-09-25T18:22:11.145Z  INFO 6598 --- [           main] spikeboot.App                            : Starting App v0 using Java 21.0.10 with PID 6598 ($SCRATCH/enterprise1/boot-jni/target/app.jar started by root in /home/user)
2026-09-25T18:22:11.152Z  INFO 6598 --- [           main] spikeboot.App                            : No active profile set, falling back to 1 default profile: "default"
2026-09-25T18:22:12.157Z  INFO 6598 --- [           main] o.s.b.w.embedded.tomcat.TomcatWebServer  : Tomcat initialized with port 8090 (http)
2026-09-25T18:22:12.172Z  INFO 6598 --- [           main] o.apache.catalina.core.StandardService   : Starting service [Tomcat]
2026-09-25T18:22:12.172Z  INFO 6598 --- [           main] o.apache.catalina.core.StandardEngine    : Starting Servlet engine: [Apache Tomcat/10.1.55]
2026-09-25T18:22:12.199Z  INFO 6598 --- [           main] o.a.c.c.C.[Tomcat].[localhost].[/]       : Initializing Spring embedded WebApplicationContext
2026-09-25T18:22:12.200Z  INFO 6598 --- [           main] w.s.c.ServletWebServerApplicationContext : Root WebApplicationContext: initialization completed in 977 ms
2026-09-25T18:22:12.633Z  INFO 6598 --- [           main] o.s.b.w.embedded.tomcat.TomcatWebServer  : Tomcat started on port 8090 (http) with context path '/'
2026-09-25T18:22:12.646Z  INFO 6598 --- [           main] spikeboot.App                            : Started App in 1.965 seconds (process running for 2.37)
RUNNER bundleId=dev.bonzer.weeka.app loader=org.springframework.boot.loader.launch.LaunchedClassLoader
2026-09-25T18:22:13.373Z  INFO 6598 --- [nio-8090-exec-1] o.a.c.c.C.[Tomcat].[localhost].[/]       : Initializing Spring DispatcherServlet 'dispatcherServlet'
2026-09-25T18:22:13.374Z  INFO 6598 --- [nio-8090-exec-1] o.s.web.servlet.DispatcherServlet        : Initializing Servlet 'dispatcherServlet'
2026-09-25T18:22:13.375Z  INFO 6598 --- [nio-8090-exec-1] o.s.web.servlet.DispatcherServlet        : Completed initialization in 1 ms
2026-09-25T18:22:13.437Z  INFO 6598 --- [ionShutdownHook] o.s.b.w.e.tomcat.GracefulShutdown        : Commencing graceful shutdown. Waiting for active requests to complete
2026-09-25T18:22:13.442Z  INFO 6598 --- [tomcat-shutdown] o.s.b.w.e.tomcat.GracefulShutdown        : Graceful shutdown complete
